Archive member included to satisfy reference by file (symbol)

C:/devkitPro/libnds/lib\libgl2d.a(gl2d.o)
                              main.o (glScreen2D)
C:/devkitPro/libnds/lib\libnds9.a(trig.o)
                              C:/devkitPro/libnds/lib\libgl2d.a(gl2d.o) (sinLerp)
C:/devkitPro/libnds/lib\libnds9.a(videoGL.o)
                              C:/devkitPro/libnds/lib\libgl2d.a(gl2d.o) (glMaterialf)
C:/devkitPro/libnds/lib\libnds9.a(keys.o)
                              main.o (scanKeys)
C:/devkitPro/libnds/lib\libnds9.a(initSystem.o)
                              c:/devkitpro/devkitarm/bin/../lib/gcc/arm-none-eabi/10.2.0/../../../../arm-none-eabi/lib/thumb/ds_arm9_crt0.o (initSystem)
C:/devkitPro/libnds/lib\libnds9.a(timeSupport.o)
                              C:/devkitPro/libnds/lib\libnds9.a(initSystem.o) (__libnds_gtod)
C:/devkitPro/libnds/lib\libnds9.a(securearea.o)
                              c:/devkitpro/devkitarm/bin/../lib/gcc/arm-none-eabi/10.2.0/../../../../arm-none-eabi/lib/thumb/ds_arm9_crt0.o (__secure_area__)
C:/devkitPro/libnds/lib\libnds9.a(interrupts.o)
                              C:/devkitPro/libnds/lib\libnds9.a(initSystem.o) (irqInit)
C:/devkitPro/libnds/lib\libnds9.a(libnds_exit.arm.o)
                              c:/devkitpro/devkitarm/bin/../lib/gcc/arm-none-eabi/10.2.0/../../../../arm-none-eabi/lib/thumb/ds_arm9_crt0.o (__libnds_exit)
C:/devkitPro/libnds/lib\libnds9.a(fifosystem.o)
                              C:/devkitPro/libnds/lib\libnds9.a(initSystem.o) (fifoSetValue32Handler)
C:/devkitPro/libnds/lib\libnds9.a(mpu_setup.o)
                              c:/devkitpro/devkitarm/bin/../lib/gcc/arm-none-eabi/10.2.0/../../../../arm-none-eabi/lib/thumb/ds_arm9_crt0.o (__libnds_mpu_setup)
C:/devkitPro/libnds/lib\libnds9.a(IntrWait.o)
                              main.o (swiWaitForVBlank)
C:/devkitPro/libnds/lib\libnds9.a(cpu_clock.o)
                              C:/devkitPro/libnds/lib\libnds9.a(initSystem.o) (setCpuClock)
C:/devkitPro/libnds/lib\libnds9.a(interruptDispatcher.o)
                              C:/devkitPro/libnds/lib\libnds9.a(interrupts.o) (IntrMain)
C:/devkitPro/libnds/lib\libnds9.a(swiSoftReset.o)
                              C:/devkitPro/libnds/lib\libnds9.a(fifosystem.o) (swiSoftReset)
C:/devkitPro/libnds/lib\libnds9.a(biosCalls.o)
                              C:/devkitPro/libnds/lib\libnds9.a(videoGL.o) (swiCopy)
C:/devkitPro/libnds/lib\libnds9.a(dynamicArray.o)
                              C:/devkitPro/libnds/lib\libnds9.a(videoGL.o) (DynamicArrayInit)
C:/devkitPro/libnds/lib\libnds9.a(video.o)
                              C:/devkitPro/libnds/lib\libnds9.a(videoGL.o) (vramSetBanks_EFG)
C:/devkitPro/libnds/lib\libnds9.a(system.o)
                              C:/devkitPro/libnds/lib\libnds9.a(initSystem.o) (systemValueHandler)
c:/devkitpro/devkitarm/bin/../lib/gcc/arm-none-eabi/10.2.0/thumb\libgcc.a(_divsi3.o)
                              C:/devkitPro/libnds/lib\libgl2d.a(gl2d.o) (__aeabi_idiv)
c:/devkitpro/devkitarm/bin/../lib/gcc/arm-none-eabi/10.2.0/thumb\libgcc.a(_dvmd_tls.o)
                              c:/devkitpro/devkitarm/bin/../lib/gcc/arm-none-eabi/10.2.0/thumb\libgcc.a(_divsi3.o) (__aeabi_idiv0)
c:/devkitpro/devkitarm/bin/../lib/gcc/arm-none-eabi/10.2.0/thumb\libgcc.a(_muldi3.o)
                              C:/devkitPro/libnds/lib\libgl2d.a(gl2d.o) (__aeabi_lmul)
c:/devkitpro/devkitarm/bin/../lib/gcc/arm-none-eabi/10.2.0/../../../../arm-none-eabi/lib/thumb\libg.a(lib_a-bsearch.o)
                              C:/devkitPro/libnds/lib\libnds9.a(trig.o) (bsearch)
c:/devkitpro/devkitarm/bin/../lib/gcc/arm-none-eabi/10.2.0/../../../../arm-none-eabi/lib/thumb\libg.a(lib_a-calloc.o)
                              C:/devkitPro/libnds/lib\libnds9.a(videoGL.o) (calloc)
c:/devkitpro/devkitarm/bin/../lib/gcc/arm-none-eabi/10.2.0/../../../../arm-none-eabi/lib/thumb\libg.a(lib_a-callocr.o)
                              c:/devkitpro/devkitarm/bin/../lib/gcc/arm-none-eabi/10.2.0/../../../../arm-none-eabi/lib/thumb\libg.a(lib_a-calloc.o) (_calloc_r)
c:/devkitpro/devkitarm/bin/../lib/gcc/arm-none-eabi/10.2.0/../../../../arm-none-eabi/lib/thumb\libg.a(lib_a-init.o)
                              c:/devkitpro/devkitarm/bin/../lib/gcc/arm-none-eabi/10.2.0/../../../../arm-none-eabi/lib/thumb/ds_arm9_crt0.o (__libc_init_array)
c:/devkitpro/devkitarm/bin/../lib/gcc/arm-none-eabi/10.2.0/../../../../arm-none-eabi/lib/thumb\libg.a(lib_a-malloc.o)
                              C:/devkitPro/libnds/lib\libnds9.a(videoGL.o) (malloc)
c:/devkitpro/devkitarm/bin/../lib/gcc/arm-none-eabi/10.2.0/../../../../arm-none-eabi/lib/thumb\libg.a(lib_a-mallocr.o)
                              c:/devkitpro/devkitarm/bin/../lib/gcc/arm-none-eabi/10.2.0/../../../../arm-none-eabi/lib/thumb\libg.a(lib_a-callocr.o) (_malloc_r)
c:/devkitpro/devkitarm/bin/../lib/gcc/arm-none-eabi/10.2.0/../../../../arm-none-eabi/lib/thumb\libg.a(lib_a-memcpy-stub.o)
[...]
Memory Configuration

Name             Origin             Length             Attributes
ewram            0x0000000002000000 0x0000000000380000
dtcm             0x0000000002ff0000 0x0000000000004000
vectors          0x0000000001000000 0x0000000000000100
itcm             0x0000000001000100 0x0000000000007f00
*default*        0x0000000000000000 0xffffffffffffffff

Linker script and memory map

                0x0000000002380000                __ewram_end = (ORIGIN (ewram) + LENGTH (ewram))
                0x0000000002380000                __eheap_end = (ORIGIN (ewram) + LENGTH (ewram))
                0x0000000002ff4000                __dtcm_top = (ORIGIN (dtcm) + LENGTH (dtcm))
                0x0000000002ff3ff8                __irq_flags = (__dtcm_top - 0x8)
                0x0000000002ff3ffc                __irq_vector = (__dtcm_top - 0x4)
                0x0000000002ff3f00                __sp_svc = (__dtcm_top - 0x100)
                0x0000000002ff3e00                __sp_irq = (__sp_svc - 0x100)
                0x0000000002ff3d00                __sp_usr = (__sp_irq - 0x100)

.secure         0x0000000002000000      0x800
 *(.secure)
 .secure        0x0000000002000000      0x800 C:/devkitPro/libnds/lib\libnds9.a(securearea.o)
                0x0000000002000000                __secure_area__

.crt0           0x0000000002000800      0x300
                0x0000000002000800                __text_start = .
 *(.crt0)
 .crt0          0x0000000002000800      0x300 c:/devkitpro/devkitarm/bin/../lib/gcc/arm-none-eabi/10.2.0/../../../../arm-none-eabi/lib/thumb/ds_arm9_crt0.o
                0x0000000002000800                _start
                0x0000000002000b00                . = ALIGN (0x4)

.plt
 *(.plt)

.init           0x0000000002000b00        0xc
 *(SORT_NONE(.init))
 .init          0x0000000002000b00        0x4 c:/devkitpro/devkitarm/bin/../lib/gcc/arm-none-eabi/10.2.0/thumb/crti.o
                0x0000000002000b00                _init
 .init          0x0000000002000b04        0x8 c:/devkitpro/devkitarm/bin/../lib/gcc/arm-none-eabi/10.2.0/thumb/crtn.o

.text           0x0000000002000b10     0x4e10
 *(EXCLUDE_FILE(*.twl* *.vectors* *.itcm*) .text)
 .text          0x0000000002000b10     0x1768 C:/devkitPro/libnds/lib\libgl2d.a(gl2d.o)
                0x0000000002000b10                SetOrtho
                0x0000000002000cb4                glScreen2D
                0x0000000002001228                glBegin2D
                0x00000000020012a8                glEnd2D
                0x00000000020012c4                glPutPixel
                0x0000000002001320                glLine
                0x0000000002001390                glBox
                0x0000000002001440                glBoxFilled
                0x00000000020014c8                glBoxFilledGradient
                0x0000000002001568                glTriangle
                0x00000000020015e8                glTriangleFilled
                0x0000000002001660                glTriangleFilledGradient
                0x00000000020016e8                glSprite
                0x00000000020017dc                glSpriteScale
                0x00000000020018f0                glSpriteScaleXY
                0x00000000020019fc                glSpriteRotate
                0x0000000002001b74                glSpriteRotateScale
                0x0000000002001cfc                glSpriteRotateScaleXY
                0x0000000002001e88                glSpriteStretchHorizontal
                0x0000000002001ff4                glSpriteOnQuad
                0x000000000200211c                glLoadSpriteSet
                0x00000000020021ac                glLoadTileSet
 .text          0x0000000002002278      0x150 c:/devkitpro/devkitarm/bin/../lib/gcc/arm-none-eabi/10.2.0/thumb\libgcc.a(_divsi3.o)
                0x0000000002002278                __divsi3
                0x0000000002002278                __aeabi_idiv
                0x00000000020023a8                __aeabi_idivmod
 .text          0x00000000020023c8        0x4 c:/devkitpro/devkitarm/bin/../lib/gcc/arm-none-eabi/10.2.0/thumb\libgcc.a(_dvmd_tls.o)
                0x00000000020023c8                __aeabi_idiv0
                0x00000000020023c8                __aeabi_ldiv0
 *(EXCLUDE_FILE(*.twl* *.vectors* *.itcm*) .stub)
 *(EXCLUDE_FILE(*.twl* *.vectors* *.itcm*) .text.*)
 .text.__do_global_dtors_aux
                0x00000000020023cc       0x2c c:/devkitpro/devkitarm/bin/../lib/gcc/arm-none-eabi/10.2.0/thumb/crtbegin.o
 .text.frame_dummy
                0x00000000020023f8       0x24 c:/devkitpro/devkitarm/bin/../lib/gcc/arm-none-eabi/10.2.0/thumb/crtbegin.o
 .text.startup  0x000000000200241c       0x48 main.o
                0x000000000200241c                main
 .text.sinLutLookup
                0x0000000002002464       0x38 C:/devkitPro/libnds/lib\libnds9.a(trig.o)
                0x0000000002002464                sinLutLookup
 .text.sinLerp  0x000000000200249c       0x40 C:/devkitPro/libnds/lib\libnds9.a(trig.o)
                0x000000000200249c                sinLerp
 .text.cosLerp  0x00000000020024dc       0x4c C:/devkitPro/libnds/lib\libnds9.a(trig.o)
                0x00000000020024dc                cosLerp
 .text.tanLerp  0x0000000002002528       0xa4 C:/devkitPro/libnds/lib\libnds9.a(trig.o)
                0x0000000002002528                tanLerp
 .text.vramBlock__deallocateBlock.part.0
                0x00000000020025cc      0x184 C:/devkitPro/libnds/lib\libnds9.a(videoGL.o)
 .text.glMaterialf
                0x0000000002002750       0x7c C:/devkitPro/libnds/lib\libnds9.a(videoGL.o)
                0x0000000002002750                glMaterialf
 .text.vramBlock_init
                0x00000000020027cc       0x5c C:/devkitPro/libnds/lib\libnds9.a(videoGL.o)
                0x00000000020027cc                vramBlock_init
 .text.vramBlock__allocateBlock
                0x0000000002002828      0x178 C:/devkitPro/libnds/lib\libnds9.a(videoGL.o)
                0x0000000002002828                vramBlock__allocateBlock
 .text.vramBlock_examineSpecial
                0x00000000020029a0      0x244 C:/devkitPro/libnds/lib\libnds9.a(videoGL.o)
                0x00000000020029a0                vramBlock_examineSpecial
 .text.vramBlock_allocateSpecial
                0x0000000002002be4       0x6c C:/devkitPro/libnds/lib\libnds9.a(videoGL.o)
                0x0000000002002be4                vramBlock_allocateSpecial
 .text.vramBlock_allocateBlock
                0x0000000002002c50       0x30 C:/devkitPro/libnds/lib\libnds9.a(videoGL.o)
                0x0000000002002c50                vramBlock_allocateBlock
 .text.vramBlock_deallocateBlock
                0x0000000002002c80       0x48 C:/devkitPro/libnds/lib\libnds9.a(videoGL.o)
                0x0000000002002c80                vramBlock_deallocateBlock
 .text.removePaletteFromTexture.part.0
                0x0000000002002cc8       0x68 C:/devkitPro/libnds/lib\libnds9.a(videoGL.o)
 .text.glInit_C
                0x0000000002002d30      0x1cc C:/devkitPro/libnds/lib\libnds9.a(videoGL.o)
                0x0000000002002d30                glInit_C
 .text.glGenTextures
                0x0000000002002efc       0x80 C:/devkitPro/libnds/lib\libnds9.a(videoGL.o)
                0x0000000002002efc                glGenTextures
 .text.vramGetBank
                0x0000000002002f7c       0xb8 C:/devkitPro/libnds/lib\libnds9.a(videoGL.o)
                0x0000000002002f7c                vramGetBank
 .text.glBindTexture
                0x0000000002003034       0x60 C:/devkitPro/libnds/lib\libnds9.a(videoGL.o)
                0x0000000002003034                glBindTexture
 .text.glColorTableEXT
                0x0000000002003094      0x1d8 C:/devkitPro/libnds/lib\libnds9.a(videoGL.o)
                0x0000000002003094                glColorTableEXT
 .text.glTexImage2D
                0x000000000200326c      0x414 C:/devkitPro/libnds/lib\libnds9.a(videoGL.o)
                0x000000000200326c                glTexImage2D
 .text.scanKeys
                0x0000000002003680       0x8c C:/devkitPro/libnds/lib\libnds9.a(keys.o)
                0x0000000002003680                scanKeys
 .text.keysHeld
                0x000000000200370c        0xc C:/devkitPro/libnds/lib\libnds9.a(keys.o)
                0x000000000200370c                keysHeld
 .text.initSystem
                0x0000000002003718      0x198 C:/devkitPro/libnds/lib\libnds9.a(initSystem.o)
                0x0000000002003718                initSystem
 .text.__libnds_gtod
                0x00000000020038b0       0x28 C:/devkitPro/libnds/lib\libnds9.a(timeSupport.o)
                0x00000000020038b0                __libnds_gtod
 .text.irqDummy
                0x00000000020038d8        0x4 C:/devkitPro/libnds/lib\libnds9.a(interrupts.o)
                0x00000000020038d8                irqDummy
 .text.irqSet   0x00000000020038dc       0x6c C:/devkitPro/libnds/lib\libnds9.a(interrupts.o)
                0x00000000020038dc                irqSet
 .text.irqInit  0x0000000002003948       0x50 C:/devkitPro/libnds/lib\libnds9.a(interrupts.o)
                0x0000000002003948                irqInit
 .text.irqEnable
                0x0000000002003998       0x64 C:/devkitPro/libnds/lib\libnds9.a(interrupts.o)
                0x0000000002003998                irqEnable
 .text.systemErrorExit
                0x00000000020039fc        0x4 C:/devkitPro/libnds/lib\libnds9.a(libnds_exit.arm.o)
                0x00000000020039fc                systemErrorExit
 .text.__libnds_exit
                0x0000000002003a00       0x5c C:/devkitPro/libnds/lib\libnds9.a(libnds_exit.arm.o)
                0x0000000002003a00                __libnds_exit
 .text.fifo_queueBlock
                0x0000000002003a5c       0x44 C:/devkitPro/libnds/lib\libnds9.a(fifosystem.o)
 .text.fifo_waitBlock
                0x0000000002003aa0       0x80 C:/devkitPro/libnds/lib\libnds9.a(fifosystem.o)
 .text.fifoInternalSend.part.0
                0x0000000002003b20       0xd4 C:/devkitPro/libnds/lib\libnds9.a(fifosystem.o)
 .text.fifoInternalSendInterrupt
                0x0000000002003bf4       0xa8 C:/devkitPro/libnds/lib\libnds9.a(fifosystem.o)
 .text.fifoSetValue32Handler
                0x0000000002003c9c       0xd8 C:/devkitPro/libnds/lib\libnds9.a(fifosystem.o)
                0x0000000002003c9c                fifoSetValue32Handler
 .text.fifoSendValue32
                0x0000000002003d74       0x4c C:/devkitPro/libnds/lib\libnds9.a(fifosystem.o)
                0x0000000002003d74                fifoSendValue32
 .text.fifoGetDatamsg
                0x0000000002003dc0       0xf4 C:/devkitPro/libnds/lib\libnds9.a(fifosystem.o)
                0x0000000002003dc0                fifoGetDatamsg
 .text.fifoInternalRecvInterrupt
                0x0000000002003eb4      0x380 C:/devkitPro/libnds/lib\libnds9.a(fifosystem.o)
 .text.fifoSetDatamsgHandler
                0x0000000002004234       0x9c C:/devkitPro/libnds/lib\libnds9.a(fifosystem.o)
                0x0000000002004234                fifoSetDatamsgHandler
 .text.fifoInit
                0x00000000020042d0       0xf8 C:/devkitPro/libnds/lib\libnds9.a(fifosystem.o)
                0x00000000020042d0                fifoInit
 .text.__libnds_mpu_setup
                0x00000000020043c8      0x174 C:/devkitPro/libnds/lib\libnds9.a(mpu_setup.o)
                0x00000000020043c8                __libnds_mpu_setup
 .text.memUncached
                0x000000000200453c       0x20 C:/devkitPro/libnds/lib\libnds9.a(mpu_setup.o)
                0x000000000200453c                memUncached
 .text.swiWaitForVBlank
                0x000000000200455c        0x8 C:/devkitPro/libnds/lib\libnds9.a(IntrWait.o)
                0x000000000200455c                swiWaitForVBlank
 .text.swiIntrWait
                0x0000000002004564       0x70 C:/devkitPro/libnds/lib\libnds9.a(IntrWait.o)
                0x0000000002004564                swiIntrWait
 .text.setCpuClock
                0x00000000020045d4       0x50 C:/devkitPro/libnds/lib\libnds9.a(cpu_clock.o)
                0x00000000020045d4                setCpuClock
 .text.swiSoftReset
                0x0000000002004624       0x2c C:/devkitPro/libnds/lib\libnds9.a(swiSoftReset.o)
                0x0000000002004624                swiSoftReset
 .text.swiDelay
                0x0000000002004650        0x4 C:/devkitPro/libnds/lib\libnds9.a(biosCalls.o)
                0x0000000002004650                swiDelay
 .text.swiCopy  0x0000000002004654        0x4 C:/devkitPro/libnds/lib\libnds9.a(biosCalls.o)
                0x0000000002004654                swiCopy
 .text.DynamicArrayInit
                0x0000000002004658       0x18 C:/devkitPro/libnds/lib\libnds9.a(dynamicArray.o)
                0x0000000002004658                DynamicArrayInit
 .text.DynamicArrayGet
                0x0000000002004670       0x18 C:/devkitPro/libnds/lib\libnds9.a(dynamicArray.o)
                0x0000000002004670                DynamicArrayGet
 .text.DynamicArraySet
                0x0000000002004688       0x48 C:/devkitPro/libnds/lib\libnds9.a(dynamicArray.o)
                0x0000000002004688                DynamicArraySet
 .text.vramRestorePrimaryBanks
                0x00000000020046d0        0xc C:/devkitPro/libnds/lib\libnds9.a(video.o)
                0x00000000020046d0                vramRestorePrimaryBanks
 .text.vramRestoreBanks_EFG
                0x00000000020046dc        0xc C:/devkitPro/libnds/lib\libnds9.a(video.o)
                0x00000000020046dc                vramRestoreBanks_EFG
 .text.vramDefault
                0x00000000020046e8       0xd0 C:/devkitPro/libnds/lib\libnds9.a(video.o)
                0x00000000020046e8                vramDefault
 .text.systemValueHandler
                0x00000000020047b8       0x48 C:/devkitPro/libnds/lib\libnds9.a(system.o)
                0x00000000020047b8                systemValueHandler
 .text.systemMsgHandler
                0x0000000002004800       0x60 C:/devkitPro/libnds/lib\libnds9.a(system.o)
                0x0000000002004800                systemMsgHandler
 .text.powerOn  0x0000000002004860       0x2c C:/devkitPro/libnds/lib\libnds9.a(system.o)
                0x0000000002004860                powerOn
 .text.__muldi3
                0x000000000200488c       0x54 c:/devkitpro/devkitarm/bin/../lib/gcc/arm-none-eabi/10.2.0/thumb\libgcc.a(_muldi3.o)
                0x000000000200488c                __muldi3
                0x000000000200488c                __aeabi_lmul
 .text.calloc   0x00000000020048e0       0x18 c:/devkitpro/devkitarm/bin/../lib/gcc/arm-none-eabi/10.2.0/../../../../arm-none-eabi/lib/thumb\libg.a(lib_a-calloc.o)
                0x00000000020048e0                calloc
 .text._calloc_r
                0x00000000020048f8       0x60 c:/devkitpro/devkitarm/bin/../lib/gcc/arm-none-eabi/10.2.0/../../../../arm-none-eabi/lib/thumb\libg.a(lib_a-callocr.o)
                0x00000000020048f8                _calloc_r
 .text.__libc_init_array
                0x0000000002004958       0x50 c:/devkitpro/devkitarm/bin/../lib/gcc/arm-none-eabi/10.2.0/../../../../arm-none-eabi/lib/thumb\libg.a(lib_a-init.o)
                0x0000000002004958                __libc_init_array
 .text.malloc   0x00000000020049a8       0x14 c:/devkitpro/devkitarm/bin/../lib/gcc/arm-none-eabi/10.2.0/../../../../arm-none-eabi/lib/thumb\libg.a(lib_a-malloc.o)
                0x00000000020049a8                malloc
 .text.free     0x00000000020049bc       0x14 c:/devkitpro/devkitarm/bin/../lib/gcc/arm-none-eabi/10.2.0/../../../../arm-none-eabi/lib/thumb\libg.a(lib_a-malloc.o)
                0x00000000020049bc                free
 .text._malloc_r
                0x00000000020049d0      0x59c c:/devkitpro/devkitarm/bin/../lib/gcc/arm-none-eabi/10.2.0/../../../../arm-none-eabi/lib/thumb\libg.a(lib_a-mallocr.o)
                0x00000000020049d0                _malloc_r
 .text.memcpy   0x0000000002004f6c       0xa8 c:/devkitpro/devkitarm/bin/../lib/gcc/arm-none-eabi/10.2.0/../../../../arm-none-eabi/lib/thumb\libg.a(lib_a-memcpy-stub.o)
                0x0000000002004f6c                memcpy
 .text.memset   0x0000000002005014       0xb0 c:/devkitpro/devkitarm/bin/../lib/gcc/arm-none-eabi/10.2.0/../../../../arm-none-eabi/lib/thumb\libg.a(lib_a-memset.o)
                0x0000000002005014                memset
 .text.__malloc_lock
                0x00000000020050c4       0x14 c:/devkitpro/devkitarm/bin/../lib/gcc/arm-none-eabi/10.2.0/../../../../arm-none-eabi/lib/thumb\libg.a(lib_a-mlock.o)
                0x00000000020050c4                __malloc_lock
 .text.__malloc_unlock
                0x00000000020050d8       0x14 c:/devkitpro/devkitarm/bin/../lib/gcc/arm-none-eabi/10.2.0/../../../../arm-none-eabi/lib/thumb\libg.a(lib_a-mlock.o)
                0x00000000020050d8                __malloc_unlock
 .text.realloc  0x00000000020050ec       0x18 c:/devkitpro/devkitarm/bin/../lib/gcc/arm-none-eabi/10.2.0/../../../../arm-none-eabi/lib/thumb\libg.a(lib_a-realloc.o)
                0x00000000020050ec                realloc
 .text._realloc_r
                0x0000000002005104      0x38c c:/devkitpro/devkitarm/bin/../lib/gcc/arm-none-eabi/10.2.0/../../../../arm-none-eabi/lib/thumb\libg.a(lib_a-reallocr.o)
                0x0000000002005104                _realloc_r
 .text._malloc_trim_r
                0x0000000002005490       0xa0 c:/devkitpro/devkitarm/bin/../lib/gcc/arm-none-eabi/10.2.0/../../../../arm-none-eabi/lib/thumb\libg.a(lib_a-freer.o)
                0x0000000002005490                _malloc_trim_r
 .text._free_r  0x0000000002005530      0x1e0 c:/devkitpro/devkitarm/bin/../lib/gcc/arm-none-eabi/10.2.0/../../../../arm-none-eabi/lib/thumb\libg.a(lib_a-freer.o)
                0x0000000002005530                _free_r
 .text.memmove  0x0000000002005710       0xbc c:/devkitpro/devkitarm/bin/../lib/gcc/arm-none-eabi/10.2.0/../../../../arm-none-eabi/lib/thumb\libg.a(lib_a-memmove.o)
                0x0000000002005710                memmove
 .text._sbrk_r  0x00000000020057cc       0x54 c:/devkitpro/devkitarm/bin/../lib/gcc/arm-none-eabi/10.2.0/../../../../arm-none-eabi/lib/thumb\libsysbase.a(sbrk.o)
                0x00000000020057cc                _sbrk_r
 .text.build_argv
                0x0000000002005820       0x4c c:/devkitpro/devkitarm/bin/../lib/gcc/arm-none-eabi/10.2.0/../../../../arm-none-eabi/lib/thumb\libsysbase.a(build_argv.o)
                0x0000000002005820                build_argv
 .text.__libc_lock_acquire_recursive
                0x000000000200586c       0x1c c:/devkitpro/devkitarm/bin/../lib/gcc/arm-none-eabi/10.2.0/../../../../arm-none-eabi/lib/thumb\libsysbase.a(syscall_support.o)
                0x000000000200586c                __libc_lock_acquire_recursive
 .text.__libc_lock_release_recursive
                0x0000000002005888       0x1c c:/devkitpro/devkitarm/bin/../lib/gcc/arm-none-eabi/10.2.0/../../../../arm-none-eabi/lib/thumb\libsysbase.a(syscall_support.o)
                0x0000000002005888                __libc_lock_release_recursive
 .text.__getreent
                0x00000000020058a4       0x28 c:/devkitpro/devkitarm/bin/../lib/gcc/arm-none-eabi/10.2.0/../../../../arm-none-eabi/lib/thumb\libsysbase.a(getreent.o)
                0x00000000020058a4                __getreent
 *fill*         0x00000000020058cc        0x4 ff
 .text.__getreent.__stub
                0x00000000020058d0       0x48 linker stubs
 *(EXCLUDE_FILE(*.twl*) .gnu.warning)
 *(EXCLUDE_FILE(*.twl*) .gnu.linkonce.t*)
 *(.glue_7)
 .glue_7        0x0000000002005920        0x0 linker stubs
 *(.glue_7t)
 .glue_7t       0x0000000002005920        0x0 linker stubs
                0x0000000002005920                . = ALIGN (0x4)

.vfp11_veneer   0x0000000002005920        0x0
 .vfp11_veneer  0x0000000002005920        0x0 linker stubs

.v4_bx          0x0000000002005920        0x0
 .v4_bx         0x0000000002005920        0x0 linker stubs

.iplt           0x0000000002005920        0x0
 .iplt          0x0000000002005920        0x0 c:/devkitpro/devkitarm/bin/../lib/gcc/arm-none-eabi/10.2.0/../../../../arm-none-eabi/lib/thumb/ds_arm9_crt0.o

.fini           0x0000000002005920        0xc
 *(.fini)
 .fini          0x0000000002005920        0x4 c:/devkitpro/devkitarm/bin/../lib/gcc/arm-none-eabi/10.2.0/thumb/crti.o
                0x0000000002005920                _fini
 .fini          0x0000000002005924        0x8 c:/devkitpro/devkitarm/bin/../lib/gcc/arm-none-eabi/10.2.0/thumb/crtn.o
                0x000000000200592c                __text_end = .

.rodata         0x000000000200592c      0x370
 *(EXCLUDE_FILE(*.twl*) .rodata)
 .rodata        0x000000000200592c       0x24 C:/devkitPro/libnds/lib\libnds9.a(videoGL.o)
 *all.rodata*(*)
 *(EXCLUDE_FILE(*.twl*) .roda)
 *(EXCLUDE_FILE(*.twl*) .rodata.*)
 .rodata.SIN_LUT
                0x0000000002005950      0x102 C:/devkitPro/libnds/lib\libnds9.a(trig.o)
                0x0000000002005950                SIN_LUT
 *fill*         0x0000000002005a52        0x2 ff
 .rodata.TAN_LUT
                0x0000000002005a54      0x204 C:/devkitPro/libnds/lib\libnds9.a(trig.o)
                0x0000000002005a54                TAN_LUT
 .rodata.glMaterialf
                0x0000000002005c58       0x44 C:/devkitPro/libnds/lib\libnds9.a(videoGL.o)
 *(EXCLUDE_FILE(*.twl*) .gnu.linkonce.r*)
                0x0000000002005c9c                . = ALIGN (0x4)

.ARM.extab
 *(.ARM.extab* .gnu.linkonce.armextab.*)
                0x0000000002005c9c                __exidx_start = .

ARM.exidx
 *(.ARM.exidx* .gnu.linkonce.armexidx.*)
                0x0000000002005c9c                __exidx_end = .
                0x0000000002005c9c                . = ALIGN (0x4)
                0x0000000002005c9c                PROVIDE (__preinit_array_start = .)

.preinit_array
 *(.preinit_array)
                0x0000000002005c9c                PROVIDE (__preinit_array_end = .)
                0x0000000002005c9c                PROVIDE (__init_array_start = .)

.init_array     0x0000000002005c9c        0x4
 *(SORT_BY_NAME(.init_array.*))
 *(.init_array)
 .init_array    0x0000000002005c9c        0x4 c:/devkitpro/devkitarm/bin/../lib/gcc/arm-none-eabi/10.2.0/thumb/crtbegin.o
                0x0000000002005ca0                PROVIDE (__init_array_end = .)
                [!provide]                        PROVIDE (__fini_array_start = .)

.fini_array     0x0000000002005ca0        0x4
 *(.fini_array)
 .fini_array    0x0000000002005ca0        0x4 c:/devkitpro/devkitarm/bin/../lib/gcc/arm-none-eabi/10.2.0/thumb/crtbegin.o
 *(SORT_BY_NAME(.fini_array.*))
                [!provide]                        PROVIDE (__fini_array_end = .)

.ctors          0x0000000002005ca4        0x0
 *crtbegin.o(.ctors)
 *(EXCLUDE_FILE(*crtend.o) .ctors)
 *(SORT_BY_NAME(.ctors.*))
 *(.ctors)
                0x0000000002005ca4                . = ALIGN (0x4)

.dtors          0x0000000002005ca4        0x0
 *crtbegin.o(.dtors)
 *(EXCLUDE_FILE(*crtend.o) .dtors)
 *(SORT_BY_NAME(.dtors.*))
 *(.dtors)
                0x0000000002005ca4                . = ALIGN (0x4)

.eh_frame       0x0000000002005ca4        0x4
 *(.eh_frame)
 .eh_frame      0x0000000002005ca4        0x0 c:/devkitpro/devkitarm/bin/../lib/gcc/arm-none-eabi/10.2.0/thumb/crtbegin.o
 .eh_frame      0x0000000002005ca4        0x4 c:/devkitpro/devkitarm/bin/../lib/gcc/arm-none-eabi/10.2.0/thumb/crtend.o
                0x0000000002005ca8                . = ALIGN (0x4)

.rel.dyn        0x0000000002005ca8        0x0
 .rel.iplt      0x0000000002005ca8        0x0 c:/devkitpro/devkitarm/bin/../lib/gcc/arm-none-eabi/10.2.0/../../../../arm-none-eabi/lib/thumb/ds_arm9_crt0.o

.gcc_except_table
                0x0000000002005ca8        0x0
 *(.gcc_except_table)
                0x0000000002005ca8                . = ALIGN (0x4)

.jcr
 *(.jcr)

.got
 *(.got.plt)
 *(.got)
 *(.rel.got)

.ewram          0x0000000002005ca8        0x0
                0x0000000002005ca8                __ewram_start = ABSOLUTE (.)
 *(.ewram)
 *ewram.*(.text)
                0x0000000002005ca8                . = ALIGN (0x4)

.data           0x0000000002005ca8      0x8c0
                0x0000000002005ca8                __data_start = ABSOLUTE (.)
 *(EXCLUDE_FILE(*.twl*) .data)
 .data          0x0000000002005ca8       0x28 C:/devkitPro/libnds/lib\libnds9.a(mpu_setup.o)
 *(EXCLUDE_FILE(*.twl*) .data.*)
 .data.glGlob   0x0000000002005cd0        0x4 C:/devkitPro/libnds/lib\libnds9.a(videoGL.o)
 .data.count    0x0000000002005cd4        0x1 C:/devkitPro/libnds/lib\libnds9.a(keys.o)
 .data.delay    0x0000000002005cd5        0x1 C:/devkitPro/libnds/lib\libnds9.a(keys.o)
 .data.repeat   0x0000000002005cd6        0x1 C:/devkitPro/libnds/lib\libnds9.a(keys.o)
 *fill*         0x0000000002005cd7        0x1 ff
 .data.fifo_buffer_free
                0x0000000002005cd8        0x4 C:/devkitPro/libnds/lib\libnds9.a(fifosystem.o)
                0x0000000002005cd8                fifo_buffer_free
 .data.fifo_freewords
                0x0000000002005cdc        0x4 C:/devkitPro/libnds/lib\libnds9.a(fifosystem.o)
                0x0000000002005cdc                fifo_freewords
 .data.fifo_receive_queue
                0x0000000002005ce0        0x4 C:/devkitPro/libnds/lib\libnds9.a(fifosystem.o)
                0x0000000002005ce0                fifo_receive_queue
 .data.fifo_send_queue
                0x0000000002005ce4        0x4 C:/devkitPro/libnds/lib\libnds9.a(fifosystem.o)
                0x0000000002005ce4                fifo_send_queue
 .data.__malloc_av_
                0x0000000002005ce8      0x408 c:/devkitpro/devkitarm/bin/../lib/gcc/arm-none-eabi/10.2.0/../../../../arm-none-eabi/lib/thumb\libg.a(lib_a-mallocr.o)
                0x0000000002005ce8                __malloc_av_
 .data.__malloc_sbrk_base
                0x00000000020060f0        0x4 c:/devkitpro/devkitarm/bin/../lib/gcc/arm-none-eabi/10.2.0/../../../../arm-none-eabi/lib/thumb\libg.a(lib_a-mallocr.o)
                0x00000000020060f0                __malloc_sbrk_base
 .data.__malloc_trim_threshold
                0x00000000020060f4        0x4 c:/devkitpro/devkitarm/bin/../lib/gcc/arm-none-eabi/10.2.0/../../../../arm-none-eabi/lib/thumb\libg.a(lib_a-mallocr.o)
                0x00000000020060f4                __malloc_trim_threshold
 .data.__malloc_recursive_mutex
                0x00000000020060f8        0xc c:/devkitpro/devkitarm/bin/../lib/gcc/arm-none-eabi/10.2.0/../../../../arm-none-eabi/lib/thumb\libg.a(lib_a-mlock.o)
 .data._impure_ptr
                0x0000000002006104        0x4 c:/devkitpro/devkitarm/bin/../lib/gcc/arm-none-eabi/10.2.0/../../../../arm-none-eabi/lib/thumb\libg.a(lib_a-impure.o)
                0x0000000002006104                _impure_ptr
 *fill*         0x0000000002006108        0x0 ff
 .data.impure_data
                0x0000000002006108      0x460 c:/devkitpro/devkitarm/bin/../lib/gcc/arm-none-eabi/10.2.0/../../../../arm-none-eabi/lib/thumb\libg.a(lib_a-impure.o)
 *(EXCLUDE_FILE(*.twl*) .gnu.linkonce.d*)
                0x0000000002006568                . = ALIGN (0x4)
                0x0000000002006568                __data_end = ABSOLUTE (.)
                0x0000000002006568                __bss_vma = .

.igot.plt       0x0000000002006568        0x0
 .igot.plt      0x0000000002006568        0x0 c:/devkitpro/devkitarm/bin/../lib/gcc/arm-none-eabi/10.2.0/../../../../arm-none-eabi/lib/thumb/ds_arm9_crt0.o

.dtcm           0x0000000002ff0000        0x0 load address 0x0000000002006568
                0x0000000002006568                __dtcm_lma = LOADADDR (.dtcm)
                0x0000000002ff0000                __dtcm_start = ABSOLUTE (.)
 *(.dtcm)
 *(.dtcm.*)
                0x0000000002ff0000                . = ALIGN (0x4)
                0x0000000002ff0000                __dtcm_end = ABSOLUTE (.)

.itcm           0x0000000001000100      0x194 load address 0x0000000002006568
                0x0000000002006568                __itcm_lma = LOADADDR (.itcm)
                0x0000000001000100                __itcm_start = ABSOLUTE (.)
 *(.itcm)
 .itcm          0x0000000001000100       0xc8 C:/devkitPro/libnds/lib\libnds9.a(interrupts.o)
                0x0000000001000100                irqTable
 .itcm          0x00000000010001c8       0xcc C:/devkitPro/libnds/lib\libnds9.a(interruptDispatcher.o)
                0x00000000010001c8                IntrMain
 *.itcm*(.text .stub .text.*)
                0x0000000001000294                . = ALIGN (0x4)
                0x0000000001000294                __itcm_end = ABSOLUTE (.)

.vectors        0x0000000001000000        0x0 load address 0x00000000020066fc
                0x00000000020066fc                __vectors_lma = LOADADDR (.vectors)
                0x0000000001000000                __vectors_start = ABSOLUTE (.)
 *(.vectors .vectors.*)
                0x0000000001000000                . = ALIGN (0x4)
                0x0000000001000000                __vectors_end = ABSOLUTE (.)

.sbss           0x0000000002ff0000        0x0
                0x0000000002ff0000                __sbss_start = ABSOLUTE (.)
                0x0000000002ff0000                __sbss_start__ = ABSOLUTE (.)
 *(.sbss)
                0x0000000002ff0000                . = ALIGN (0x4)
                0x0000000002ff0000                __sbss_end = ABSOLUTE (.)

.bss            0x0000000002006568      0xb5c
                0x0000000002006568                __bss_start = ABSOLUTE (.)
                0x0000000002006568                __bss_start__ = ABSOLUTE (.)
 *(EXCLUDE_FILE(*.twl*) .dynbss)
 *(EXCLUDE_FILE(*.twl*) .gnu.linkonce.b*)
 *(EXCLUDE_FILE(*.twl*) .bss*)
 .bss.completed.1
                0x0000000002006568        0x1 c:/devkitpro/devkitarm/bin/../lib/gcc/arm-none-eabi/10.2.0/thumb/crtbegin.o
 *fill*         0x0000000002006569        0x3 
 .bss.object.0  0x000000000200656c       0x18 c:/devkitpro/devkitarm/bin/../lib/gcc/arm-none-eabi/10.2.0/thumb/crtbegin.o
 .bss           0x0000000002006584        0x8 C:/devkitPro/libnds/lib\libgl2d.a(gl2d.o)
                0x0000000002006584                gCurrentTexture
 .bss.diffuse_ambient.1
                0x000000000200658c        0x4 C:/devkitPro/libnds/lib\libnds9.a(videoGL.o)
 .bss.glGlobalData
                0x0000000002006590       0x54 C:/devkitPro/libnds/lib\libnds9.a(videoGL.o)
                0x0000000002006590                glGlobalData
 .bss.specular_emission.0
                0x00000000020065e4        0x4 C:/devkitPro/libnds/lib\libnds9.a(videoGL.o)
 .bss.keys      0x00000000020065e8        0x2 C:/devkitPro/libnds/lib\libnds9.a(keys.o)
 .bss.keysold   0x00000000020065ea        0x2 C:/devkitPro/libnds/lib\libnds9.a(keys.o)
 .bss.keysrepeat
                0x00000000020065ec        0x2 C:/devkitPro/libnds/lib\libnds9.a(keys.o)
 .bss.__dsimode
                0x00000000020065ee        0x1 C:/devkitPro/libnds/lib\libnds9.a(initSystem.o)
                0x00000000020065ee                __dsimode
 *fill*         0x00000000020065ef        0x1 
 .bss.punixTime
                0x00000000020065f0        0x4 C:/devkitPro/libnds/lib\libnds9.a(timeSupport.o)
                0x00000000020065f0                punixTime
 .bss.fifo_address_data
                0x00000000020065f4       0x40 C:/devkitPro/libnds/lib\libnds9.a(fifosystem.o)
                0x00000000020065f4                fifo_address_data
 .bss.fifo_address_func
                0x0000000002006634       0x40 C:/devkitPro/libnds/lib\libnds9.a(fifosystem.o)
                0x0000000002006634                fifo_address_func
 .bss.fifo_address_queue
                0x0000000002006674       0x40 C:/devkitPro/libnds/lib\libnds9.a(fifosystem.o)
                0x0000000002006674                fifo_address_queue
 .bss.fifo_buffer
                0x00000000020066b4      0x800 C:/devkitPro/libnds/lib\libnds9.a(fifosystem.o)
                0x00000000020066b4                fifo_buffer
 .bss.fifo_data_queue
                0x0000000002006eb4       0x40 C:/devkitPro/libnds/lib\libnds9.a(fifosystem.o)
                0x0000000002006eb4                fifo_data_queue
 .bss.fifo_datamsg_data
                0x0000000002006ef4       0x40 C:/devkitPro/libnds/lib\libnds9.a(fifosystem.o)
                0x0000000002006ef4                fifo_datamsg_data
 .bss.fifo_datamsg_func
                0x0000000002006f34       0x40 C:/devkitPro/libnds/lib\libnds9.a(fifosystem.o)
                0x0000000002006f34                fifo_datamsg_func
 .bss.fifo_value32_data
                0x0000000002006f74       0x40 C:/devkitPro/libnds/lib\libnds9.a(fifosystem.o)
                0x0000000002006f74                fifo_value32_data
 .bss.fifo_value32_func
                0x0000000002006fb4       0x40 C:/devkitPro/libnds/lib\libnds9.a(fifosystem.o)
                0x0000000002006fb4                fifo_value32_func
 .bss.fifo_value32_queue
                0x0000000002006ff4       0x40 C:/devkitPro/libnds/lib\libnds9.a(fifosystem.o)
                0x0000000002006ff4                fifo_value32_queue
 .bss.processing
                0x0000000002007034        0x4 C:/devkitPro/libnds/lib\libnds9.a(fifosystem.o)
                0x0000000002007034                processing
 .bss.SDcallback
                0x0000000002007038        0x4 C:/devkitPro/libnds/lib\libnds9.a(system.o)
 .bss.__malloc_current_mallinfo
                0x000000000200703c       0x28 c:/devkitpro/devkitarm/bin/../lib/gcc/arm-none-eabi/10.2.0/../../../../arm-none-eabi/lib/thumb\libg.a(lib_a-mallocr.o)
                0x000000000200703c                __malloc_current_mallinfo
 .bss.__malloc_max_sbrked_mem
                0x0000000002007064        0x4 c:/devkitpro/devkitarm/bin/../lib/gcc/arm-none-eabi/10.2.0/../../../../arm-none-eabi/lib/thumb\libg.a(lib_a-mallocr.o)
                0x0000000002007064                __malloc_max_sbrked_mem
 .bss.__malloc_max_total_mem
                0x0000000002007068        0x4 c:/devkitpro/devkitarm/bin/../lib/gcc/arm-none-eabi/10.2.0/../../../../arm-none-eabi/lib/thumb\libg.a(lib_a-mallocr.o)
                0x0000000002007068                __malloc_max_total_mem
 .bss.__malloc_top_pad
                0x000000000200706c        0x4 c:/devkitpro/devkitarm/bin/../lib/gcc/arm-none-eabi/10.2.0/../../../../arm-none-eabi/lib/thumb\libg.a(lib_a-mallocr.o)
                0x000000000200706c                __malloc_top_pad
 .bss.heap_start.0
                0x0000000002007070        0x4 c:/devkitpro/devkitarm/bin/../lib/gcc/arm-none-eabi/10.2.0/../../../../arm-none-eabi/lib/thumb\libsysbase.a(sbrk.o)
 .bss.fake_heap_end
                0x0000000002007074        0x4 c:/devkitpro/devkitarm/bin/../lib/gcc/arm-none-eabi/10.2.0/../../../../arm-none-eabi/lib/thumb\libsysbase.a(malloc_vars.o)
                0x0000000002007074                fake_heap_end
 .bss.fake_heap_start
                0x0000000002007078        0x4 c:/devkitpro/devkitarm/bin/../lib/gcc/arm-none-eabi/10.2.0/../../../../arm-none-eabi/lib/thumb\libsysbase.a(malloc_vars.o)
                0x0000000002007078                fake_heap_start
 .bss.__syscalls
                0x000000000200707c       0x48 c:/devkitpro/devkitarm/bin/../lib/gcc/arm-none-eabi/10.2.0/../../../../arm-none-eabi/lib/thumb\libsysbase.a(syscall_support.o)
                0x000000000200707c                __syscalls
 *(EXCLUDE_FILE(*.twl*) COMMON)
                0x00000000020070c4                . = ALIGN (0x4)
                0x00000000020070c4                __bss_end__ = ABSOLUTE (.)
                0x00000000020070c4                __end__ = ABSOLUTE (.)

.twl            0x00000000020070c4        0x0 load address 0x0000000002400000
                0x0000000002400000                __arm9i_lma__ = LOADADDR (.twl)
                0x00000000020070c4                __arm9i_start__ = ABSOLUTE (.)
 *(.twl)
 *.twl*(.text .stub .text.* .gnu.linkonce.t.*)
 *.twl*(.rodata)
 *.twl*(.roda)
 *.twl*(.rodata.*)
 *.twl*(.data)
 *.twl*(.data.*)
 *.twl*(.gnu.linkonce.d*)
                0x00000000020070c4                __arm9i_end__ = ABSOLUTE (.)

.twl_bss        0x00000000020070c4        0x0
                0x00000000020070c4                __twl_bss_start__ = ABSOLUTE (.)
 *(.twl_bss)
 *.twl*(.dynbss)
 *.twl*(.gnu.linkonce.b*)
 *.twl*(.bss*)
 *.twl*(COMMON)
                0x00000000020070c4                . = ALIGN (0x4)
                0x00000000020070c4                __twl_bss_end__ = ABSOLUTE (.)
                0x00000000020070c4                __twl_end__ = ABSOLUTE (.)

.stab
 *(.stab)

.stabstr
 *(.stabstr)

.stab.excl
 *(.stab.excl)

.stab.exclstr
 *(.stab.exclstr)

.stab.index
 *(.stab.index)

.stab.indexstr
 *(.stab.indexstr)

.comment        0x0000000000000000       0x45
 *(.comment)
 .comment       0x0000000000000000       0x23 c:/devkitpro/devkitarm/bin/../lib/gcc/arm-none-eabi/10.2.0/thumb/crtbegin.o
                                         0x24 (size before relaxing)
 .comment       0x0000000000000023       0x24 main.o
 .comment       0x0000000000000023       0x22 C:/devkitPro/libnds/lib\libgl2d.a(gl2d.o)
                                         0x23 (size before relaxing)
 .comment       0x0000000000000045       0x24 C:/devkitPro/libnds/lib\libnds9.a(trig.o)
 .comment       0x0000000000000045       0x24 C:/devkitPro/libnds/lib\libnds9.a(videoGL.o)
 .comment       0x0000000000000045       0x24 C:/devkitPro/libnds/lib\libnds9.a(keys.o)
 .comment       0x0000000000000045       0x24 C:/devkitPro/libnds/lib\libnds9.a(initSystem.o)
 .comment       0x0000000000000045       0x24 C:/devkitPro/libnds/lib\libnds9.a(timeSupport.o)
 .comment       0x0000000000000045       0x24 C:/devkitPro/libnds/lib\libnds9.a(securearea.o)
 .comment       0x0000000000000045       0x24 C:/devkitPro/libnds/lib\libnds9.a(interrupts.o)
 .comment       0x0000000000000045       0x24 C:/devkitPro/libnds/lib\libnds9.a(libnds_exit.arm.o)
 .comment       0x0000000000000045       0x24 C:/devkitPro/libnds/lib\libnds9.a(fifosystem.o)
 .comment       0x0000000000000045       0x24 C:/devkitPro/libnds/lib\libnds9.a(dynamicArray.o)
 .comment       0x0000000000000045       0x24 C:/devkitPro/libnds/lib\libnds9.a(video.o)
 .comment       0x0000000000000045       0x24 C:/devkitPro/libnds/lib\libnds9.a(system.o)
 .comment       0x0000000000000045       0x24 c:/devkitpro/devkitarm/bin/../lib/gcc/arm-none-eabi/10.2.0/thumb\libgcc.a(_muldi3.o)
 .comment       0x0000000000000045       0x24 c:/devkitpro/devkitarm/bin/../lib/gcc/arm-none-eabi/10.2.0/../../../../arm-none-eabi/lib/thumb\libg.a(lib_a-calloc.o)
 .comment       0x0000000000000045       0x24 c:/devkitpro/devkitarm/bin/../lib/gcc/arm-none-eabi/10.2.0/../../../../arm-none-eabi/lib/thumb\libg.a(lib_a-callocr.o)
 .comment       0x0000000000000045       0x24 c:/devkitpro/devkitarm/bin/../lib/gcc/arm-none-eabi/10.2.0/../../../../arm-none-eabi/lib/thumb\libg.a(lib_a-init.o)
 .comment       0x0000000000000045       0x24 c:/devkitpro/devkitarm/bin/../lib/gcc/arm-none-eabi/10.2.0/../../../../arm-none-eabi/lib/thumb\libg.a(lib_a-malloc.o)
 .comment       0x0000000000000045       0x24 c:/devkitpro/devkitarm/bin/../lib/gcc/arm-none-eabi/10.2.0/../../../../arm-none-eabi/lib/thumb\libg.a(lib_a-mallocr.o)
 .comment       0x0000000000000045       0x24 c:/devkitpro/devkitarm/bin/../lib/gcc/arm-none-eabi/10.2.0/../../../../arm-none-eabi/lib/thumb\libg.a(lib_a-memcpy-stub.o)
 .comment       0x0000000000000045       0x24 c:/devkitpro/devkitarm/bin/../lib/gcc/arm-none-eabi/10.2.0/../../../../arm-none-eabi/lib/thumb\libg.a(lib_a-memset.o)
 .comment       0x0000000000000045       0x24 c:/devkitpro/devkitarm/bin/../lib/gcc/arm-none-eabi/10.2.0/../../../../arm-none-eabi/lib/thumb\libg.a(lib_a-mlock.o)
 .comment       0x0000000000000045       0x24 c:/devkitpro/devkitarm/bin/../lib/gcc/arm-none-eabi/10.2.0/../../../../arm-none-eabi/lib/thumb\libg.a(lib_a-realloc.o)
 .comment       0x0000000000000045       0x24 c:/devkitpro/devkitarm/bin/../lib/gcc/arm-none-eabi/10.2.0/../../../../arm-none-eabi/lib/thumb\libg.a(lib_a-reallocr.o)
 .comment       0x0000000000000045       0x24 c:/devkitpro/devkitarm/bin/../lib/gcc/arm-none-eabi/10.2.0/../../../../arm-none-eabi/lib/thumb\libg.a(lib_a-freer.o)
 .comment       0x0000000000000045       0x24 c:/devkitpro/devkitarm/bin/../lib/gcc/arm-none-eabi/10.2.0/../../../../arm-none-eabi/lib/thumb\libg.a(lib_a-memmove.o)
 .comment       0x0000000000000045       0x24 c:/devkitpro/devkitarm/bin/../lib/gcc/arm-none-eabi/10.2.0/../../../../arm-none-eabi/lib/thumb\libsysbase.a(sbrk.o)
 .comment       0x0000000000000045       0x24 c:/devkitpro/devkitarm/bin/../lib/gcc/arm-none-eabi/10.2.0/../../../../arm-none-eabi/lib/thumb\libsysbase.a(malloc_vars.o)
 .comment       0x0000000000000045       0x24 c:/devkitpro/devkitarm/bin/../lib/gcc/arm-none-eabi/10.2.0/../../../../arm-none-eabi/lib/thumb\libsysbase.a(build_argv.o)
 .comment       0x0000000000000045       0x24 c:/devkitpro/devkitarm/bin/../lib/gcc/arm-none-eabi/10.2.0/../../../../arm-none-eabi/lib/thumb\libsysbase.a(syscall_support.o)
 .comment       0x0000000000000045       0x24 c:/devkitpro/devkitarm/bin/../lib/gcc/arm-none-eabi/10.2.0/../../../../arm-none-eabi/lib/thumb\libsysbase.a(getreent.o)
 .comment       0x0000000000000045       0x24 c:/devkitpro/devkitarm/bin/../lib/gcc/arm-none-eabi/10.2.0/../../../../arm-none-eabi/lib/thumb\libg.a(lib_a-impure.o)
 .comment       0x0000000000000045       0x24 c:/devkitpro/devkitarm/bin/../lib/gcc/arm-none-eabi/10.2.0/thumb/crtend.o

.ARM.attributes
                0x0000000000000000       0x2d
 .ARM.attributes
                0x0000000000000000       0x21 c:/devkitpro/devkitarm/bin/../lib/gcc/arm-none-eabi/10.2.0/../../../../arm-none-eabi/lib/thumb/ds_arm9_crt0.o
 .ARM.attributes
                0x0000000000000021       0x1c c:/devkitpro/devkitarm/bin/../lib/gcc/arm-none-eabi/10.2.0/thumb/crti.o
 .ARM.attributes
                0x000000000000003d       0x2a c:/devkitpro/devkitarm/bin/../lib/gcc/arm-none-eabi/10.2.0/thumb/crtbegin.o
 .ARM.attributes
                0x0000000000000067       0x27 main.o
 .ARM.attributes
                0x000000000000008e       0x27 C:/devkitPro/libnds/lib\libgl2d.a(gl2d.o)
 .ARM.attributes
                0x00000000000000b5       0x2b C:/devkitPro/libnds/lib\libnds9.a(trig.o)
 .ARM.attributes
                0x00000000000000e0       0x2b C:/devkitPro/libnds/lib\libnds9.a(videoGL.o)
 .ARM.attributes
                0x000000000000010b       0x2b C:/devkitPro/libnds/lib\libnds9.a(keys.o)
 .ARM.attributes
                0x0000000000000136       0x2b C:/devkitPro/libnds/lib\libnds9.a(initSystem.o)
 .ARM.attributes
                0x0000000000000161       0x2b C:/devkitPro/libnds/lib\libnds9.a(timeSupport.o)
 .ARM.attributes
                0x000000000000018c       0x2b C:/devkitPro/libnds/lib\libnds9.a(securearea.o)
 .ARM.attributes
                0x00000000000001b7       0x2b C:/devkitPro/libnds/lib\libnds9.a(interrupts.o)
 .ARM.attributes
                0x00000000000001e2       0x2b C:/devkitPro/libnds/lib\libnds9.a(libnds_exit.arm.o)
 .ARM.attributes
                0x000000000000020d       0x2b C:/devkitPro/libnds/lib\libnds9.a(fifosystem.o)
 .ARM.attributes
                0x0000000000000238       0x21 C:/devkitPro/libnds/lib\libnds9.a(mpu_setup.o)
 .ARM.attributes
                0x0000000000000259       0x21 C:/devkitPro/libnds/lib\libnds9.a(IntrWait.o)
 .ARM.attributes
                0x000000000000027a       0x21 C:/devkitPro/libnds/lib\libnds9.a(cpu_clock.o)
 .ARM.attributes
                0x000000000000029b       0x1b C:/devkitPro/libnds/lib\libnds9.a(interruptDispatcher.o)
 .ARM.attributes
                0x00000000000002b6       0x21 C:/devkitPro/libnds/lib\libnds9.a(swiSoftReset.o)
 .ARM.attributes
                0x00000000000002d7       0x1b C:/devkitPro/libnds/lib\libnds9.a(biosCalls.o)
 .ARM.attributes
                0x00000000000002f2       0x2b C:/devkitPro/libnds/lib\libnds9.a(dynamicArray.o)
 .ARM.attributes
                0x000000000000031d       0x2b C:/devkitPro/libnds/lib\libnds9.a(video.o)
 .ARM.attributes
                0x0000000000000348       0x2b C:/devkitPro/libnds/lib\libnds9.a(system.o)
 .ARM.attributes
                0x0000000000000373       0x1c c:/devkitpro/devkitarm/bin/../lib/gcc/arm-none-eabi/10.2.0/thumb\libgcc.a(_divsi3.o)
 .ARM.attributes
                0x000000000000038f       0x1c c:/devkitpro/devkitarm/bin/../lib/gcc/arm-none-eabi/10.2.0/thumb\libgcc.a(_dvmd_tls.o)
 .ARM.attributes
                0x00000000000003ab       0x2a c:/devkitpro/devkitarm/bin/../lib/gcc/arm-none-eabi/10.2.0/thumb\libgcc.a(_muldi3.o)
 .ARM.attributes
                0x00000000000003d5       0x2a c:/devkitpro/devkitarm/bin/../lib/gcc/arm-none-eabi/10.2.0/../../../../arm-none-eabi/lib/thumb\libg.a(lib_a-calloc.o)
 .ARM.attributes
                0x00000000000003ff       0x2a c:/devkitpro/devkitarm/bin/../lib/gcc/arm-none-eabi/10.2.0/../../../../arm-none-eabi/lib/thumb\libg.a(lib_a-callocr.o)
 .ARM.attributes
                0x0000000000000429       0x2a c:/devkitpro/devkitarm/bin/../lib/gcc/arm-none-eabi/10.2.0/../../../../arm-none-eabi/lib/thumb\libg.a(lib_a-init.o)
 .ARM.attributes
                0x0000000000000453       0x2a c:/devkitpro/devkitarm/bin/../lib/gcc/arm-none-eabi/10.2.0/../../../../arm-none-eabi/lib/thumb\libg.a(lib_a-malloc.o)
 .ARM.attributes
                0x000000000000047d       0x2a c:/devkitpro/devkitarm/bin/../lib/gcc/arm-none-eabi/10.2.0/../../../../arm-none-eabi/lib/thumb\libg.a(lib_a-mallocr.o)
 .ARM.attributes
                0x00000000000004a7       0x2a c:/devkitpro/devkitarm/bin/../lib/gcc/arm-none-eabi/10.2.0/../../../../arm-none-eabi/lib/thumb\libg.a(lib_a-memcpy-stub.o)
 .ARM.attributes
                0x00000000000004d1       0x2a c:/devkitpro/devkitarm/bin/../lib/gcc/arm-none-eabi/10.2.0/../../../../arm-none-eabi/lib/thumb\libg.a(lib_a-memset.o)
 .ARM.attributes
                0x00000000000004fb       0x2a c:/devkitpro/devkitarm/bin/../lib/gcc/arm-none-eabi/10.2.0/../../../../arm-none-eabi/lib/thumb\libg.a(lib_a-mlock.o)
 .ARM.attributes
                0x0000000000000525       0x2a c:/devkitpro/devkitarm/bin/../lib/gcc/arm-none-eabi/10.2.0/../../../../arm-none-eabi/lib/thumb\libg.a(lib_a-realloc.o)
 .ARM.attributes
                0x000000000000054f       0x2a c:/devkitpro/devkitarm/bin/../lib/gcc/arm-none-eabi/10.2.0/../../../../arm-none-eabi/lib/thumb\libg.a(lib_a-reallocr.o)
 .ARM.attributes
                0x0000000000000579       0x2a c:/devkitpro/devkitarm/bin/../lib/gcc/arm-none-eabi/10.2.0/../../../../arm-none-eabi/lib/thumb\libg.a(lib_a-freer.o)
 .ARM.attributes
                0x00000000000005a3       0x2a c:/devkitpro/devkitarm/bin/../lib/gcc/arm-none-eabi/10.2.0/../../../../arm-none-eabi/lib/thumb\libg.a(lib_a-memmove.o)
 .ARM.attributes
                0x00000000000005cd       0x2a c:/devkitpro/devkitarm/bin/../lib/gcc/arm-none-eabi/10.2.0/../../../../arm-none-eabi/lib/thumb\libsysbase.a(sbrk.o)
 .ARM.attributes
                0x00000000000005f7       0x30 c:/devkitpro/devkitarm/bin/../lib/gcc/arm-none-eabi/10.2.0/../../../../arm-none-eabi/lib/thumb\libsysbase.a(malloc_vars.o)
 .ARM.attributes
                0x0000000000000627       0x2a c:/devkitpro/devkitarm/bin/../lib/gcc/arm-none-eabi/10.2.0/../../../../arm-none-eabi/lib/thumb\libsysbase.a(build_argv.o)
 .ARM.attributes
                0x0000000000000651       0x2a c:/devkitpro/devkitarm/bin/../lib/gcc/arm-none-eabi/10.2.0/../../../../arm-none-eabi/lib/thumb\libsysbase.a(syscall_support.o)
 .ARM.attributes
                0x000000000000067b       0x2a c:/devkitpro/devkitarm/bin/../lib/gcc/arm-none-eabi/10.2.0/../../../../arm-none-eabi/lib/thumb\libsysbase.a(getreent.o)
 .ARM.attributes
                0x00000000000006a5       0x30 c:/devkitpro/devkitarm/bin/../lib/gcc/arm-none-eabi/10.2.0/../../../../arm-none-eabi/lib/thumb\libg.a(lib_a-impure.o)
 .ARM.attributes
                0x00000000000006d5       0x30 c:/devkitpro/devkitarm/bin/../lib/gcc/arm-none-eabi/10.2.0/thumb/crtend.o
 .ARM.attributes
                0x0000000000000705       0x1c c:/devkitpro/devkitarm/bin/../lib/gcc/arm-none-eabi/10.2.0/thumb/crtn.o

.debug
 *(.debug)

.line
 *(.line)

.debug_srcinfo
 *(.debug_srcinfo)

.debug_sfnames
 *(.debug_sfnames)

.debug_aranges  0x0000000000000000      0x5f8
 *(.debug_aranges)
 .debug_aranges
                0x0000000000000000       0x20 main.o
 .debug_aranges
                0x0000000000000020       0x60 C:/devkitPro/libnds/lib\libnds9.a(trig.o)
 .debug_aranges
                0x0000000000000080      0x140 C:/devkitPro/libnds/lib\libnds9.a(videoGL.o)
 .debug_aranges
                0x00000000000001c0       0x50 C:/devkitPro/libnds/lib\libnds9.a(keys.o)
 .debug_aranges
                0x0000000000000210       0x20 C:/devkitPro/libnds/lib\libnds9.a(initSystem.o)
 .debug_aranges
                0x0000000000000230       0x20 C:/devkitPro/libnds/lib\libnds9.a(timeSupport.o)
 .debug_aranges
                0x0000000000000250       0x18 C:/devkitPro/libnds/lib\libnds9.a(securearea.o)
 .debug_aranges
                0x0000000000000268       0x50 C:/devkitPro/libnds/lib\libnds9.a(interrupts.o)
 .debug_aranges
                0x00000000000002b8       0x28 C:/devkitPro/libnds/lib\libnds9.a(libnds_exit.arm.o)
 .debug_aranges
                0x00000000000002e0       0xb0 C:/devkitPro/libnds/lib\libnds9.a(fifosystem.o)
 .debug_aranges
                0x0000000000000390       0x30 C:/devkitPro/libnds/lib\libnds9.a(mpu_setup.o)
 .debug_aranges
                0x00000000000003c0       0x28 C:/devkitPro/libnds/lib\libnds9.a(IntrWait.o)
 .debug_aranges
                0x00000000000003e8       0x20 C:/devkitPro/libnds/lib\libnds9.a(cpu_clock.o)
 .debug_aranges
                0x0000000000000408       0x20 C:/devkitPro/libnds/lib\libnds9.a(interruptDispatcher.o)
 .debug_aranges
                0x0000000000000428       0x20 C:/devkitPro/libnds/lib\libnds9.a(swiSoftReset.o)
 .debug_aranges
                0x0000000000000448       0xc8 C:/devkitPro/libnds/lib\libnds9.a(biosCalls.o)
 .debug_aranges
                0x0000000000000510       0x38 C:/devkitPro/libnds/lib\libnds9.a(dynamicArray.o)
 .debug_aranges
                0x0000000000000548       0x48 C:/devkitPro/libnds/lib\libnds9.a(video.o)
 .debug_aranges
                0x0000000000000590       0x68 C:/devkitPro/libnds/lib\libnds9.a(system.o)

.debug_pubnames
 *(.debug_pubnames)

.debug_info     0x0000000000000000     0xa740
 *(.debug_info)
 .debug_info    0x0000000000000000      0xcb9 main.o
 .debug_info    0x0000000000000cb9      0x79b C:/devkitPro/libnds/lib\libnds9.a(trig.o)
 .debug_info    0x0000000000001454     0x38ec C:/devkitPro/libnds/lib\libnds9.a(videoGL.o)
 .debug_info    0x0000000000004d40      0x466 C:/devkitPro/libnds/lib\libnds9.a(keys.o)
 .debug_info    0x00000000000051a6     0x12a5 C:/devkitPro/libnds/lib\libnds9.a(initSystem.o)
 .debug_info    0x000000000000644b      0xa64 C:/devkitPro/libnds/lib\libnds9.a(timeSupport.o)
 .debug_info    0x0000000000006eaf       0x59 C:/devkitPro/libnds/lib\libnds9.a(securearea.o)
 .debug_info    0x0000000000006f08      0x68f C:/devkitPro/libnds/lib\libnds9.a(interrupts.o)
 .debug_info    0x0000000000007597      0x378 C:/devkitPro/libnds/lib\libnds9.a(libnds_exit.arm.o)
 .debug_info    0x000000000000790f     0x189c C:/devkitPro/libnds/lib\libnds9.a(fifosystem.o)
 .debug_info    0x00000000000091ab       0x22 C:/devkitPro/libnds/lib\libnds9.a(mpu_setup.o)
 .debug_info    0x00000000000091cd       0x22 C:/devkitPro/libnds/lib\libnds9.a(IntrWait.o)
 .debug_info    0x00000000000091ef       0x26 C:/devkitPro/libnds/lib\libnds9.a(cpu_clock.o)
 .debug_info    0x0000000000009215       0x26 C:/devkitPro/libnds/lib\libnds9.a(interruptDispatcher.o)
 .debug_info    0x000000000000923b       0x26 C:/devkitPro/libnds/lib\libnds9.a(swiSoftReset.o)
 .debug_info    0x0000000000009261       0x22 C:/devkitPro/libnds/lib\libnds9.a(biosCalls.o)
 .debug_info    0x0000000000009283      0x273 C:/devkitPro/libnds/lib\libnds9.a(dynamicArray.o)
 .debug_info    0x00000000000094f6      0x7c5 C:/devkitPro/libnds/lib\libnds9.a(video.o)
 .debug_info    0x0000000000009cbb      0xa85 C:/devkitPro/libnds/lib\libnds9.a(system.o)

.debug_abbrev   0x0000000000000000     0x218f
 *(.debug_abbrev)
 .debug_abbrev  0x0000000000000000      0x2dd main.o
 .debug_abbrev  0x00000000000002dd      0x224 C:/devkitPro/libnds/lib\libnds9.a(trig.o)
 .debug_abbrev  0x0000000000000501      0x57e C:/devkitPro/libnds/lib\libnds9.a(videoGL.o)
 .debug_abbrev  0x0000000000000a7f      0x1a0 C:/devkitPro/libnds/lib\libnds9.a(keys.o)
 .debug_abbrev  0x0000000000000c1f      0x33f C:/devkitPro/libnds/lib\libnds9.a(initSystem.o)
 .debug_abbrev  0x0000000000000f5e      0x1e5 C:/devkitPro/libnds/lib\libnds9.a(timeSupport.o)
 .debug_abbrev  0x0000000000001143       0x47 C:/devkitPro/libnds/lib\libnds9.a(securearea.o)
 .debug_abbrev  0x000000000000118a      0x2dd C:/devkitPro/libnds/lib\libnds9.a(interrupts.o)
 .debug_abbrev  0x0000000000001467      0x1a8 C:/devkitPro/libnds/lib\libnds9.a(libnds_exit.arm.o)
 .debug_abbrev  0x000000000000160f      0x491 C:/devkitPro/libnds/lib\libnds9.a(fifosystem.o)
 .debug_abbrev  0x0000000000001aa0       0x12 C:/devkitPro/libnds/lib\libnds9.a(mpu_setup.o)
 .debug_abbrev  0x0000000000001ab2       0x12 C:/devkitPro/libnds/lib\libnds9.a(IntrWait.o)
 .debug_abbrev  0x0000000000001ac4       0x14 C:/devkitPro/libnds/lib\libnds9.a(cpu_clock.o)
 .debug_abbrev  0x0000000000001ad8       0x14 C:/devkitPro/libnds/lib\libnds9.a(interruptDispatcher.o)
 .debug_abbrev  0x0000000000001aec       0x14 C:/devkitPro/libnds/lib\libnds9.a(swiSoftReset.o)
 .debug_abbrev  0x0000000000001b00       0x12 C:/devkitPro/libnds/lib\libnds9.a(biosCalls.o)
 .debug_abbrev  0x0000000000001b12      0x13d C:/devkitPro/libnds/lib\libnds9.a(dynamicArray.o)
 .debug_abbrev  0x0000000000001c4f      0x241 C:/devkitPro/libnds/lib\libnds9.a(video.o)
 .debug_abbrev  0x0000000000001e90      0x2ff C:/devkitPro/libnds/lib\libnds9.a(system.o)

.debug_line     0x0000000000000000     0x7198
 *(.debug_line)
 .debug_line    0x0000000000000000      0x428 main.o
 .debug_line    0x0000000000000428      0x77d C:/devkitPro/libnds/lib\libnds9.a(trig.o)
 .debug_line    0x0000000000000ba5     0x2be3 C:/devkitPro/libnds/lib\libnds9.a(videoGL.o)
 .debug_line    0x0000000000003788      0x3ad C:/devkitPro/libnds/lib\libnds9.a(keys.o)
 .debug_line    0x0000000000003b35      0x58b C:/devkitPro/libnds/lib\libnds9.a(initSystem.o)
 .debug_line    0x00000000000040c0      0x1f0 C:/devkitPro/libnds/lib\libnds9.a(timeSupport.o)
 .debug_line    0x00000000000042b0       0x8f C:/devkitPro/libnds/lib\libnds9.a(securearea.o)
 .debug_line    0x000000000000433f      0x569 C:/devkitPro/libnds/lib\libnds9.a(interrupts.o)
 .debug_line    0x00000000000048a8      0x252 C:/devkitPro/libnds/lib\libnds9.a(libnds_exit.arm.o)
 .debug_line    0x0000000000004afa     0x142b C:/devkitPro/libnds/lib\libnds9.a(fifosystem.o)
 .debug_line    0x0000000000005f25      0x13c C:/devkitPro/libnds/lib\libnds9.a(mpu_setup.o)
 .debug_line    0x0000000000006061       0xc7 C:/devkitPro/libnds/lib\libnds9.a(IntrWait.o)
 .debug_line    0x0000000000006128       0xb0 C:/devkitPro/libnds/lib\libnds9.a(cpu_clock.o)
 .debug_line    0x00000000000061d8       0xd9 C:/devkitPro/libnds/lib\libnds9.a(interruptDispatcher.o)
 .debug_line    0x00000000000062b1       0xa9 C:/devkitPro/libnds/lib\libnds9.a(swiSoftReset.o)
 .debug_line    0x000000000000635a      0x1ff C:/devkitPro/libnds/lib\libnds9.a(biosCalls.o)
 .debug_line    0x0000000000006559      0x285 C:/devkitPro/libnds/lib\libnds9.a(dynamicArray.o)
 .debug_line    0x00000000000067de      0x4d9 C:/devkitPro/libnds/lib\libnds9.a(video.o)
 .debug_line    0x0000000000006cb7      0x4e1 C:/devkitPro/libnds/lib\libnds9.a(system.o)

.debug_frame    0x0000000000000000      0xbcc
 *(.debug_frame)
 .debug_frame   0x0000000000000000       0x30 main.o
 .debug_frame   0x0000000000000030       0xd8 C:/devkitPro/libnds/lib\libnds9.a(trig.o)
 .debug_frame   0x0000000000000108      0x458 C:/devkitPro/libnds/lib\libnds9.a(videoGL.o)
 .debug_frame   0x0000000000000560       0x8c C:/devkitPro/libnds/lib\libnds9.a(keys.o)
 .debug_frame   0x00000000000005ec       0x28 C:/devkitPro/libnds/lib\libnds9.a(initSystem.o)
 .debug_frame   0x0000000000000614       0x28 C:/devkitPro/libnds/lib\libnds9.a(timeSupport.o)
 .debug_frame   0x000000000000063c       0xa4 C:/devkitPro/libnds/lib\libnds9.a(interrupts.o)
 .debug_frame   0x00000000000006e0       0x38 C:/devkitPro/libnds/lib\libnds9.a(libnds_exit.arm.o)
 .debug_frame   0x0000000000000718      0x290 C:/devkitPro/libnds/lib\libnds9.a(fifosystem.o)
 .debug_frame   0x00000000000009a8       0x70 C:/devkitPro/libnds/lib\libnds9.a(dynamicArray.o)
 .debug_frame   0x0000000000000a18       0xbc C:/devkitPro/libnds/lib\libnds9.a(video.o)
 .debug_frame   0x0000000000000ad4       0xf8 C:/devkitPro/libnds/lib\libnds9.a(system.o)

.debug_str      0x0000000000000000     0x3576
 *(.debug_str)
 .debug_str     0x0000000000000000      0x5cf main.o
                                        0x675 (size before relaxing)
 .debug_str     0x00000000000005cf      0x208 C:/devkitPro/libnds/lib\libnds9.a(trig.o)
                                        0x2e7 (size before relaxing)
 .debug_str     0x00000000000007d7     0x12b3 C:/devkitPro/libnds/lib\libnds9.a(videoGL.o)
                                       0x1721 (size before relaxing)
 .debug_str     0x0000000000001a8a      0x211 C:/devkitPro/libnds/lib\libnds9.a(keys.o)
                                        0x420 (size before relaxing)
 .debug_str     0x0000000000001c9b      0x911 C:/devkitPro/libnds/lib\libnds9.a(initSystem.o)
                                        0xc4b (size before relaxing)
 .debug_str     0x00000000000025ac       0x7e C:/devkitPro/libnds/lib\libnds9.a(timeSupport.o)
                                        0x689 (size before relaxing)
 .debug_str     0x000000000000262a       0x7f C:/devkitPro/libnds/lib\libnds9.a(securearea.o)
                                        0x16e (size before relaxing)
 .debug_str     0x00000000000026a9      0x193 C:/devkitPro/libnds/lib\libnds9.a(interrupts.o)
                                        0x48d (size before relaxing)
 .debug_str     0x000000000000283c      0x123 C:/devkitPro/libnds/lib\libnds9.a(libnds_exit.arm.o)
                                        0x3e5 (size before relaxing)
 .debug_str     0x000000000000295f      0x4a1 C:/devkitPro/libnds/lib\libnds9.a(fifosystem.o)
                                        0x894 (size before relaxing)
 .debug_str     0x0000000000002e00       0x7a C:/devkitPro/libnds/lib\libnds9.a(mpu_setup.o)
                                         0xce (size before relaxing)
 .debug_str     0x0000000000002e7a       0x6d C:/devkitPro/libnds/lib\libnds9.a(IntrWait.o)
                                         0xcd (size before relaxing)
 .debug_str     0x0000000000002ee7       0x6e C:/devkitPro/libnds/lib\libnds9.a(cpu_clock.o)
                                         0xce (size before relaxing)
 .debug_str     0x0000000000002f55       0x73 C:/devkitPro/libnds/lib\libnds9.a(interruptDispatcher.o)
                                         0xd3 (size before relaxing)
 .debug_str     0x0000000000002fc8       0x6c C:/devkitPro/libnds/lib\libnds9.a(swiSoftReset.o)
                                         0xcc (size before relaxing)
 .debug_str     0x0000000000003034       0x69 C:/devkitPro/libnds/lib\libnds9.a(biosCalls.o)
                                         0xc9 (size before relaxing)
 .debug_str     0x000000000000309d       0x90 C:/devkitPro/libnds/lib\libnds9.a(dynamicArray.o)
                                        0x29e (size before relaxing)
 .debug_str     0x000000000000312d       0xb8 C:/devkitPro/libnds/lib\libnds9.a(video.o)
                                        0xc53 (size before relaxing)
 .debug_str     0x00000000000031e5      0x391 C:/devkitPro/libnds/lib\libnds9.a(system.o)
                                        0x791 (size before relaxing)

.debug_loc      0x0000000000000000     0x6750
 *(.debug_loc)
 .debug_loc     0x0000000000000000       0x30 main.o
 .debug_loc     0x0000000000000030      0xbe6 C:/devkitPro/libnds/lib\libnds9.a(trig.o)
 .debug_loc     0x0000000000000c16     0x39bf C:/devkitPro/libnds/lib\libnds9.a(videoGL.o)
 .debug_loc     0x00000000000045d5       0x15 C:/devkitPro/libnds/lib\libnds9.a(keys.o)
 .debug_loc     0x00000000000045ea       0xf0 C:/devkitPro/libnds/lib\libnds9.a(initSystem.o)
 .debug_loc     0x00000000000046da       0x25 C:/devkitPro/libnds/lib\libnds9.a(timeSupport.o)
 .debug_loc     0x00000000000046ff      0x26c C:/devkitPro/libnds/lib\libnds9.a(interrupts.o)
 .debug_loc     0x000000000000496b       0x64 C:/devkitPro/libnds/lib\libnds9.a(libnds_exit.arm.o)
 .debug_loc     0x00000000000049cf     0x168e C:/devkitPro/libnds/lib\libnds9.a(fifosystem.o)
 .debug_loc     0x000000000000605d      0x20c C:/devkitPro/libnds/lib\libnds9.a(dynamicArray.o)
 .debug_loc     0x0000000000006269      0x2e5 C:/devkitPro/libnds/lib\libnds9.a(video.o)
 .debug_loc     0x000000000000654e      0x202 C:/devkitPro/libnds/lib\libnds9.a(system.o)

.debug_macinfo
 *(.debug_macinfo)

.debug_weaknames
 *(.debug_weaknames)

.debug_funcnames
 *(.debug_funcnames)

.debug_typenames
 *(.debug_typenames)

.debug_varnames
 *(.debug_varnames)

.stack          0x0000000000080000        0x0
                0x0000000000080000                _stack = .
 *(.stack)
LOAD c:/devkitpro/devkitarm/bin/../lib/gcc/arm-none-eabi/10.2.0/../../../../arm-none-eabi/lib/thumb/ds_arm9_crt0.o
LOAD c:/devkitpro/devkitarm/bin/../lib/gcc/arm-none-eabi/10.2.0/thumb/crti.o
LOAD c:/devkitpro/devkitarm/bin/../lib/gcc/arm-none-eabi/10.2.0/thumb/crtbegin.o
LOAD main.o
LOAD C:/devkitPro/libnds/lib\libgl2d.a
LOAD C:/devkitPro/dev/test-eeeeeee/nflib/lib\libnflib.a
LOAD C:/devkitPro/libnds/lib\libfilesystem.a
LOAD C:/devkitPro/libnds/lib\libfat.a
LOAD C:/devkitPro/libnds/lib\libnds9.a
LOAD c:/devkitpro/devkitarm/bin/../lib/gcc/arm-none-eabi/10.2.0/../../../../arm-none-eabi/lib/thumb\libstdc++.a
LOAD c:/devkitpro/devkitarm/bin/../lib/gcc/arm-none-eabi/10.2.0/../../../../arm-none-eabi/lib/thumb\libm.a
START GROUP
LOAD c:/devkitpro/devkitarm/bin/../lib/gcc/arm-none-eabi/10.2.0/thumb\libgcc.a
LOAD c:/devkitpro/devkitarm/bin/../lib/gcc/arm-none-eabi/10.2.0/../../../../arm-none-eabi/lib/thumb\libg.a
LOAD c:/devkitpro/devkitarm/bin/../lib/gcc/arm-none-eabi/10.2.0/../../../../arm-none-eabi/lib/thumb\libc.a
LOAD c:/devkitpro/devkitarm/bin/../lib/gcc/arm-none-eabi/10.2.0/../../../../arm-none-eabi/lib/thumb\libsysbase.a
END GROUP
LOAD c:/devkitpro/devkitarm/bin/../lib/gcc/arm-none-eabi/10.2.0/thumb/crtend.o
LOAD c:/devkitpro/devkitarm/bin/../lib/gcc/arm-none-eabi/10.2.0/thumb/crtn.o
OUTPUT(C:/devkitPro/dev/test-eeeeeee/test-eeeeeee.elf elf32-littlearm)
LOAD linker stubs

.debug_ranges   0x0000000000000000     0x12c8
 .debug_ranges  0x0000000000000000       0x68 main.o
 .debug_ranges  0x0000000000000068       0xf0 C:/devkitPro/libnds/lib\libnds9.a(trig.o)
 .debug_ranges  0x0000000000000158      0x940 C:/devkitPro/libnds/lib\libnds9.a(videoGL.o)
 .debug_ranges  0x0000000000000a98       0x58 C:/devkitPro/libnds/lib\libnds9.a(keys.o)
 .debug_ranges  0x0000000000000af0       0x10 C:/devkitPro/libnds/lib\libnds9.a(initSystem.o)
 .debug_ranges  0x0000000000000b00       0x10 C:/devkitPro/libnds/lib\libnds9.a(timeSupport.o)
 .debug_ranges  0x0000000000000b10      0x100 C:/devkitPro/libnds/lib\libnds9.a(interrupts.o)
 .debug_ranges  0x0000000000000c10       0x18 C:/devkitPro/libnds/lib\libnds9.a(libnds_exit.arm.o)
 .debug_ranges  0x0000000000000c28      0x4c8 C:/devkitPro/libnds/lib\libnds9.a(fifosystem.o)
 .debug_ranges  0x00000000000010f0       0x28 C:/devkitPro/libnds/lib\libnds9.a(mpu_setup.o)
 .debug_ranges  0x0000000000001118       0x20 C:/devkitPro/libnds/lib\libnds9.a(IntrWait.o)
 .debug_ranges  0x0000000000001138       0xc0 C:/devkitPro/libnds/lib\libnds9.a(biosCalls.o)
 .debug_ranges  0x00000000000011f8       0x28 C:/devkitPro/libnds/lib\libnds9.a(dynamicArray.o)
 .debug_ranges  0x0000000000001220       0x50 C:/devkitPro/libnds/lib\libnds9.a(video.o)
 .debug_ranges  0x0000000000001270       0x58 C:/devkitPro/libnds/lib\libnds9.a(system.o)
